******************************************************************************
                  MSP430 Linker PC v4.4.5                      
******************************************************************************
>> Linked Sun Oct 11 21:47:38 2015

OUTPUT FILE NAME:   <sew_light.out>
ENTRY POINT SYMBOL: "_c_int00_noargs_noexit"  address: 0000faca


MEMORY CONFIGURATION

         name            origin    length      used     unused   attr    fill
----------------------  --------  ---------  --------  --------  ----  --------
  SFR                   00000000   00000010  00000000  00000010  RWIX
  PERIPHERALS_8BIT      00000010   000000f0  00000000  000000f0  RWIX
  PERIPHERALS_16BIT     00000100   00000100  00000000  00000100  RWIX
  RAM                   00000200   00000100  00000054  000000ac  RWIX
  INFOD                 00001000   00000040  00000000  00000040  RWIX
  INFOC                 00001040   00000040  00000000  00000040  RWIX
  INFOB                 00001080   00000040  00000000  00000040  RWIX
  INFOA                 000010c0   00000040  00000000  00000040  RWIX
  FLASH                 0000f800   000007e0  0000036e  00000472  RWIX
  INT00                 0000ffe0   00000002  00000000  00000002  RWIX
  INT01                 0000ffe2   00000002  00000000  00000002  RWIX
  INT02                 0000ffe4   00000002  00000002  00000000  RWIX
  INT03                 0000ffe6   00000002  00000002  00000000  RWIX
  INT04                 0000ffe8   00000002  00000002  00000000  RWIX
  INT05                 0000ffea   00000002  00000000  00000002  RWIX
  INT06                 0000ffec   00000002  00000000  00000002  RWIX
  INT07                 0000ffee   00000002  00000000  00000002  RWIX
  INT08                 0000fff0   00000002  00000002  00000000  RWIX
  INT09                 0000fff2   00000002  00000002  00000000  RWIX
  INT10                 0000fff4   00000002  00000002  00000000  RWIX
  INT11                 0000fff6   00000002  00000000  00000002  RWIX
  INT12                 0000fff8   00000002  00000000  00000002  RWIX
  INT13                 0000fffa   00000002  00000000  00000002  RWIX
  INT14                 0000fffc   00000002  00000002  00000000  RWIX
  RESET                 0000fffe   00000002  00000002  00000000  RWIX


SECTION ALLOCATION MAP

 output                                  attributes/
section   page    origin      length       input sections
--------  ----  ----------  ----------   ----------------
.data      0    00000200    00000004     UNINITIALIZED
                  00000200    00000004     main.obj (.data)

.TI.persistent 
*          0    00000200    00000000     UNINITIALIZED

.stack     0    000002b0    00000050     UNINITIALIZED
                  000002b0    00000002     rts430_eabi.lib : boot.obj (.stack)
                  000002b2    0000004e     --HOLE--

.text      0    0000f800    00000346     
                  0000f800    000000b6     main.obj (.text:main)
                  0000f8b6    00000064     rts430_eabi.lib : copy_decompress_rle.obj (.text:__TI_decompress_rle_core)
                  0000f91a    00000058                     : autoinit.obj (.text:_auto_init)
                  0000f972    00000058     main.obj (.text:eOther)
                  0000f9ca    0000003c     main.obj (.text:init_gpio)
                  0000fa06    00000036     main.obj (.text:writeFlash)
                  0000fa3c    00000036     main.obj (.text:writeLeds)
                  0000fa72    00000020     main.obj (.text:sendStart)
                  0000fa92    0000001c     main.obj (.text:init_spi)
                  0000faae    0000001c     main.obj (.text:millisecDelay)
                  0000faca    0000001a     rts430_eabi.lib : boot_special.obj (.text:_c_int00_noargs_noexit)
                  0000fae4    00000014     main.obj (.text:PORT1_ISR)
                  0000faf8    00000012     rts430_eabi.lib : copy_decompress_none.obj (.text:decompress:none:__TI_decompress_none)
                  0000fb0a    00000012                     : memcpy.obj (.text:memcpy)
                  0000fb1c    00000010                     : epilog.obj (.text)
                  0000fb2c    00000006     main.obj (.text:USI_TXRX)
                  0000fb32    00000006     rts430_eabi.lib : isr_trap.obj (.text:_isr:__TI_ISR_TRAP)
                  0000fb38    00000006                     : copy_decompress_rle.obj (.text:decompress:rle24:__TI_decompress_rle24)
                  0000fb3e    00000004                     : pre_init.obj (.text:_system_pre_init)
                  0000fb42    00000004                     : exit.obj (.text:abort)

.const     0    0000fb46    00000018     
                  0000fb46    00000004     main.obj (.const:.string:full)
                  0000fb4a    00000004     main.obj (.const:.string:half)
                  0000fb4e    00000004     main.obj (.const:.string:off)
                  0000fb52    00000004     main.obj (.const:.string:oneQuarter)
                  0000fb56    00000004     main.obj (.const:.string:start)
                  0000fb5a    00000004     main.obj (.const:.string:threeQuarter)

.cinit     0    0000fb5e    00000010     
                  0000fb5e    00000008     (.cinit..data.load) [load image]
                  0000fb66    00000004     (__TI_handler_table)
                  0000fb6a    00000004     (__TI_cinit_table)

.init_array 
*          0    0000f800    00000000     UNINITIALIZED

PORT1      0    0000ffe4    00000002     
                  0000ffe4    00000002     main.obj (.int02)

PORT2      0    0000ffe6    00000002     
                  0000ffe6    00000002     rts430_eabi.lib : int03.obj (.int03)

USI        0    0000ffe8    00000002     
                  0000ffe8    00000002     main.obj (.int04)

TIMER0_A1 
*          0    0000fff0    00000002     
                  0000fff0    00000002     rts430_eabi.lib : int08.obj (.int08)

TIMER0_A0 
*          0    0000fff2    00000002     
                  0000fff2    00000002     rts430_eabi.lib : int09.obj (.int09)

WDT        0    0000fff4    00000002     
                  0000fff4    00000002     rts430_eabi.lib : int10.obj (.int10)

NMI        0    0000fffc    00000002     
                  0000fffc    00000002     rts430_eabi.lib : int14.obj (.int14)

.reset     0    0000fffe    00000002     
                  0000fffe    00000002     rts430_eabi.lib : boot.obj (.reset)


LINKER GENERATED COPY TABLES

__TI_cinit_table @ 0000fb6a records: 1, size/record: 4, table size: 4
	.data: load addr=0000fb5e, load size=00000008 bytes, run addr=00000200, run size=00000004 bytes, compression=copy


LINKER GENERATED HANDLER TABLE

__TI_handler_table @ 0000fb66 records: 2, size/record: 2, table size: 4
	index: 0, handler: __TI_decompress_rle24
	index: 1, handler: __TI_decompress_none


GLOBAL SYMBOLS: SORTED ALPHABETICALLY BY Name 

address   name                    
-------   ----                    
00000057  BCSCTL1                 
00000058  BCSCTL2                 
00000053  BCSCTL3                 
0000fb42  C$$EXIT                 
000010fb  CALBC1_12MHZ            
000010f9  CALBC1_16MHZ            
000010ff  CALBC1_1MHZ             
000010fd  CALBC1_8MHZ             
000010fa  CALDCO_12MHZ            
000010f8  CALDCO_16MHZ            
000010fe  CALDCO_1MHZ             
000010fc  CALDCO_8MHZ             
00000056  DCOCTL                  
00000128  FCTL1                   
0000012a  FCTL2                   
0000012c  FCTL3                   
00000202  Flash_ptr               
00000000  IE1                     
00000002  IFG1                    
00000022  P1DIR                   
00000025  P1IE                    
00000024  P1IES                   
00000023  P1IFG                   
00000020  P1IN                    
00000021  P1OUT                   
00000027  P1REN                   
00000026  P1SEL                   
00000041  P1SEL2                  
0000002a  P2DIR                   
0000002d  P2IE                    
0000002c  P2IES                   
0000002b  P2IFG                   
00000028  P2IN                    
00000029  P2OUT                   
0000002f  P2REN                   
0000002e  P2SEL                   
00000042  P2SEL2                  
0000fae4  PORT1_ISR               
00000172  TA0CCR0                 
00000174  TA0CCR1                 
00000176  TA0CCR2                 
00000162  TA0CCTL0                
00000164  TA0CCTL1                
00000166  TA0CCTL2                
00000160  TA0CTL                  
0000012e  TA0IV                   
00000170  TA0R                    
0000007a  USICCTL                 
0000007a  USICKCTL                
0000007b  USICNT                  
00000078  USICTL                  
00000078  USICTL0                 
00000079  USICTL1                 
0000007c  USISR                   
0000007d  USISRH                  
0000007c  USISRL                  
0000fb2c  USI_TXRX                
00000120  WDTCTL                  
00000300  __STACK_END             
00000050  __STACK_SIZE            
0000fb6a  __TI_CINIT_Base         
0000fb6e  __TI_CINIT_Limit        
0000fb66  __TI_Handler_Table_Base 
0000fb6a  __TI_Handler_Table_Limit
UNDEFED   __TI_INITARRAY_Base     
UNDEFED   __TI_INITARRAY_Limit    
0000fb32  __TI_ISR_TRAP           
0000faf8  __TI_decompress_none    
0000fb38  __TI_decompress_rle24   
0000ffe4  __TI_int02              
0000ffe6  __TI_int03              
0000ffe8  __TI_int04              
0000fff0  __TI_int08              
0000fff2  __TI_int09              
0000fff4  __TI_int10              
0000fffc  __TI_int14              
ffffffff  __binit__               
ffffffff  __c_args__              
0000fb28  __mspabi_func_epilog_1  
0000fb26  __mspabi_func_epilog_2  
0000fb24  __mspabi_func_epilog_3  
0000fb22  __mspabi_func_epilog_4  
0000fb20  __mspabi_func_epilog_5  
0000fb1e  __mspabi_func_epilog_6  
0000fb1c  __mspabi_func_epilog_7  
0000f91a  _auto_init              
0000faca  _c_int00_noargs_noexit  
0000fffe  _reset_vector           
000002b0  _stack                  
0000fb3e  _system_pre_init        
0000fb42  abort                   
ffffffff  binit                   
00000200  buttonPressed           
0000f972  eOther                  
0000f9ca  init_gpio               
0000fa92  init_spi                
0000f800  main                    
0000fb0a  memcpy                  
0000faae  millisecDelay           
00000201  pressCount              
0000fa72  sendStart               
0000fa06  writeFlash              
0000fa3c  writeLeds               


GLOBAL SYMBOLS: SORTED BY Symbol Address 

address   name                    
-------   ----                    
00000000  IE1                     
00000002  IFG1                    
00000020  P1IN                    
00000021  P1OUT                   
00000022  P1DIR                   
00000023  P1IFG                   
00000024  P1IES                   
00000025  P1IE                    
00000026  P1SEL                   
00000027  P1REN                   
00000028  P2IN                    
00000029  P2OUT                   
0000002a  P2DIR                   
0000002b  P2IFG                   
0000002c  P2IES                   
0000002d  P2IE                    
0000002e  P2SEL                   
0000002f  P2REN                   
00000041  P1SEL2                  
00000042  P2SEL2                  
00000050  __STACK_SIZE            
00000053  BCSCTL3                 
00000056  DCOCTL                  
00000057  BCSCTL1                 
00000058  BCSCTL2                 
00000078  USICTL                  
00000078  USICTL0                 
00000079  USICTL1                 
0000007a  USICCTL                 
0000007a  USICKCTL                
0000007b  USICNT                  
0000007c  USISR                   
0000007c  USISRL                  
0000007d  USISRH                  
00000120  WDTCTL                  
00000128  FCTL1                   
0000012a  FCTL2                   
0000012c  FCTL3                   
0000012e  TA0IV                   
00000160  TA0CTL                  
00000162  TA0CCTL0                
00000164  TA0CCTL1                
00000166  TA0CCTL2                
00000170  TA0R                    
00000172  TA0CCR0                 
00000174  TA0CCR1                 
00000176  TA0CCR2                 
00000200  buttonPressed           
00000201  pressCount              
00000202  Flash_ptr               
000002b0  _stack                  
00000300  __STACK_END             
000010f8  CALDCO_16MHZ            
000010f9  CALBC1_16MHZ            
000010fa  CALDCO_12MHZ            
000010fb  CALBC1_12MHZ            
000010fc  CALDCO_8MHZ             
000010fd  CALBC1_8MHZ             
000010fe  CALDCO_1MHZ             
000010ff  CALBC1_1MHZ             
0000f800  main                    
0000f91a  _auto_init              
0000f972  eOther                  
0000f9ca  init_gpio               
0000fa06  writeFlash              
0000fa3c  writeLeds               
0000fa72  sendStart               
0000fa92  init_spi                
0000faae  millisecDelay           
0000faca  _c_int00_noargs_noexit  
0000fae4  PORT1_ISR               
0000faf8  __TI_decompress_none    
0000fb0a  memcpy                  
0000fb1c  __mspabi_func_epilog_7  
0000fb1e  __mspabi_func_epilog_6  
0000fb20  __mspabi_func_epilog_5  
0000fb22  __mspabi_func_epilog_4  
0000fb24  __mspabi_func_epilog_3  
0000fb26  __mspabi_func_epilog_2  
0000fb28  __mspabi_func_epilog_1  
0000fb2c  USI_TXRX                
0000fb32  __TI_ISR_TRAP           
0000fb38  __TI_decompress_rle24   
0000fb3e  _system_pre_init        
0000fb42  C$$EXIT                 
0000fb42  abort                   
0000fb66  __TI_Handler_Table_Base 
0000fb6a  __TI_CINIT_Base         
0000fb6a  __TI_Handler_Table_Limit
0000fb6e  __TI_CINIT_Limit        
0000ffe4  __TI_int02              
0000ffe6  __TI_int03              
0000ffe8  __TI_int04              
0000fff0  __TI_int08              
0000fff2  __TI_int09              
0000fff4  __TI_int10              
0000fffc  __TI_int14              
0000fffe  _reset_vector           
ffffffff  __binit__               
ffffffff  __c_args__              
ffffffff  binit                   
UNDEFED   __TI_INITARRAY_Base     
UNDEFED   __TI_INITARRAY_Limit    

[103 symbols]
